

# ============


# ============


# ============


# ============


# ============


# ============


# ============


# ============


# ============


# ============


# ============


# ============


# ============
